[2025-11-07T21:58:19.160Z] [LOG] OtherArts server listening on http://localhost:4000
[2025-11-07T21:58:19.160Z] [LOG] Admin credentials: ADMIN_USER=✗ not set, ADMIN_PASS=✗ not set
[2025-11-07T21:58:19.160Z] [LOG] Log file: C:\Users\rshet\Desktop\yakshaloka\server\logs\server.log
[2025-11-07T22:06:06.451Z] [LOG] OtherArts server listening on http://localhost:4000
[2025-11-07T22:06:06.452Z] [LOG] Admin credentials: ADMIN_USER=✗ not set, ADMIN_PASS=✗ not set
[2025-11-07T22:06:06.452Z] [LOG] Log file: C:\Users\rshet\Desktop\yakshaloka\server\logs\server.log
[2025-11-07T22:12:24.665Z] [LOG] OtherArts server listening on http://localhost:4000
[2025-11-07T22:12:24.665Z] [LOG] Admin credentials: ADMIN_USER=✗ not set, ADMIN_PASS=✗ not set
[2025-11-07T22:12:24.665Z] [LOG] Log file: C:\Users\rshet\Desktop\yakshaloka\server\logs\server.log
[2025-11-07T22:13:22.201Z] [LOG] OtherArts server listening on http://localhost:4000
[2025-11-07T22:13:22.201Z] [LOG] Admin credentials: ADMIN_USER=✗ not set, ADMIN_PASS=✗ not set
[2025-11-07T22:13:22.201Z] [LOG] Log file: C:\Users\rshet\Desktop\yakshaloka\server\logs\server.log
[2025-11-08T01:15:44.283Z] [LOG] [REQ] GET /api/other-arts/yakshagana -> 200 11ms
[2025-11-08T01:15:44.287Z] [LOG] [REQ] GET /api/other-arts/yakshagana -> 304 2ms
[2025-11-08T01:15:53.344Z] [LOG] [REQ] GET /api/other-arts/boothakola -> 200 2ms
[2025-11-08T01:15:53.347Z] [LOG] [REQ] GET /api/other-arts/boothakola -> 304 2ms
[2025-11-08T01:16:09.545Z] [LOG] [REQ] GET /api/other-arts -> 200 2ms
[2025-11-08T01:16:09.550Z] [LOG] [REQ] GET /api/other-arts -> 304 3ms
[2025-11-08T01:16:14.346Z] [LOG] [REQ] GET /api/other-arts/gallery -> 200 3ms
[2025-11-08T01:16:14.350Z] [LOG] [REQ] GET /api/other-arts/gallery -> 304 2ms
[2025-11-08T01:16:26.401Z] [LOG] [REQ] GET /api/other-arts/yakshagana -> 304 4ms
[2025-11-08T01:16:26.407Z] [LOG] [REQ] GET /api/other-arts/yakshagana -> 304 2ms
[2025-11-08T01:17:59.864Z] [LOG] [REQ] POST /api/admin-auth -> 200 4ms
[2025-11-08T01:18:19.395Z] [LOG] [REQ] POST /api/other-arts/yakshagana -> 200 5ms
[2025-11-08T01:18:29.327Z] [LOG] [REQ] POST /api/other-arts/yakshagana -> 200 3ms
[2025-11-08T01:20:00.399Z] [LOG] [REQ] POST /api/other-arts/yakshagana -> 200 1ms
[2025-11-08T01:20:08.192Z] [LOG] [REQ] POST /api/other-arts/yakshagana -> 200 3ms
[2025-11-08T01:20:10.519Z] [LOG] [REQ] POST /api/other-arts/yakshagana -> 200 2ms
[2025-11-08T01:21:49.595Z] [LOG] [REQ] POST /api/other-arts/yakshagana -> 200 3ms
[2025-11-08T01:36:14.530Z] [LOG] [REQ] POST /api/other-arts/yakshagana -> 200 4ms
[2025-11-08T01:36:18.198Z] [LOG] [REQ] POST /api/other-arts/yakshagana -> 200 3ms
[2025-11-08T01:36:36.596Z] [LOG] [REQ] GET /api/other-arts/boothakola -> 304 1ms
[2025-11-08T01:36:36.597Z] [LOG] [REQ] GET /api/other-arts/boothakola -> 304 0ms
[2025-11-08T01:36:49.668Z] [LOG] [REQ] GET /api/other-arts -> 304 1ms
[2025-11-08T01:36:49.671Z] [LOG] [REQ] GET /api/other-arts -> 304 1ms
[2025-11-08T01:37:18.263Z] [LOG] [REQ] POST /api/other-arts -> 200 4ms
[2025-11-08T01:37:55.388Z] [LOG] [REQ] POST /api/other-arts -> 200 3ms
[2025-11-08T01:41:03.248Z] [LOG] [REQ] GET /api/other-arts -> 200 1ms
[2025-11-08T01:41:03.251Z] [LOG] [REQ] GET /api/other-arts -> 304 1ms
[2025-11-08T01:41:14.852Z] [LOG] [REQ] GET /api/other-arts/boothakola -> 304 1ms
[2025-11-08T01:41:14.854Z] [LOG] [REQ] GET /api/other-arts/boothakola -> 304 0ms
[2025-11-08T01:41:20.182Z] [LOG] [REQ] GET /api/other-arts/yakshagana -> 200 1ms
[2025-11-08T01:41:20.194Z] [LOG] [REQ] GET /api/other-arts/yakshagana -> 304 1ms
[2025-11-08T01:41:29.654Z] [LOG] [REQ] GET /api/other-arts -> 304 0ms
[2025-11-08T01:41:29.655Z] [LOG] [REQ] GET /api/other-arts -> 304 1ms
[2025-11-08T01:42:12.870Z] [LOG] [REQ] POST /api/admin-auth -> 200 0ms
[2025-11-08T01:42:20.976Z] [LOG] [REQ] POST /api/other-arts -> 200 2ms
[2025-11-08T01:42:41.305Z] [LOG] [REQ] GET /api/other-arts/gallery -> 304 2ms
[2025-11-08T01:42:41.309Z] [LOG] [REQ] GET /api/other-arts/gallery -> 304 1ms
[2025-11-08T01:43:57.812Z] [LOG] [REQ] POST /api/other-arts/gallery -> 200 5ms
[2025-11-08T01:44:14.097Z] [LOG] [REQ] POST /api/other-arts/gallery -> 200 2ms
[2025-11-08T06:33:51.424Z] [LOG] [REQ] GET /api/other-arts/boothakola -> 304 1ms
[2025-11-08T06:33:51.425Z] [LOG] [REQ] GET /api/other-arts/boothakola -> 304 1ms
[2025-11-08T06:33:55.200Z] [LOG] [REQ] GET /api/other-arts/yakshagana -> 304 1ms
[2025-11-08T06:33:55.202Z] [LOG] [REQ] GET /api/other-arts/yakshagana -> 304 1ms
[2025-11-08T06:35:55.758Z] [LOG] [REQ] GET /api/other-arts/gallery -> 200 3ms
[2025-11-08T06:35:55.767Z] [LOG] [REQ] GET /api/other-arts/gallery -> 304 2ms
[2025-11-10T09:28:05.629Z] [LOG] OtherArts server listening on http://localhost:4000
[2025-11-10T09:28:05.629Z] [LOG] Admin credentials: ADMIN_USER=✓ set, ADMIN_PASS=✓ set
[2025-11-10T09:28:05.629Z] [LOG] Log file: C:\Users\rshet\Desktop\yakshaloka\server\logs\server.log
[2025-11-10T09:29:15.949Z] [LOG] [REQ] POST /api/admin-auth -> 200 5ms
[2025-11-10T09:32:04.524Z] [LOG] [REQ] POST /api/other-arts/boothakola -> 200 4ms
[2025-11-10T09:32:06.799Z] [LOG] [REQ] POST /api/other-arts/boothakola -> 200 2ms
[2025-11-10T09:32:07.245Z] [LOG] [REQ] POST /api/other-arts/boothakola -> 200 2ms
[2025-11-10T09:32:26.058Z] [LOG] [REQ] POST /api/other-arts/boothakola -> 200 1ms
[2025-11-10T09:32:49.959Z] [LOG] [REQ] GET /api/other-arts/yakshagana -> 304 3ms
[2025-11-10T09:32:49.962Z] [LOG] [REQ] GET /api/other-arts/yakshagana -> 304 2ms
[2025-11-10T09:33:02.808Z] [LOG] [REQ] GET /api/other-arts/boothakola -> 200 2ms
[2025-11-10T09:33:02.812Z] [LOG] [REQ] GET /api/other-arts/boothakola -> 304 2ms
[2025-11-10T09:33:14.281Z] [LOG] [REQ] GET /api/other-arts -> 304 2ms
[2025-11-10T09:33:14.284Z] [LOG] [REQ] GET /api/other-arts -> 304 1ms
[2025-11-10T09:33:19.198Z] [LOG] [REQ] GET /api/other-arts/boothakola -> 304 1ms
[2025-11-10T09:33:19.200Z] [LOG] [REQ] GET /api/other-arts/boothakola -> 304 2ms
[2025-11-10T09:35:20.989Z] [LOG] [REQ] POST /api/other-arts/boothakola -> 200 1ms
[2025-11-10T09:35:22.427Z] [LOG] [REQ] POST /api/other-arts/boothakola -> 200 1ms
[2025-11-10T09:35:24.050Z] [LOG] [REQ] POST /api/other-arts/boothakola -> 200 2ms
[2025-11-10T09:35:43.594Z] [LOG] [REQ] GET /api/other-arts/yakshagana -> 304 2ms
[2025-11-10T09:35:43.597Z] [LOG] [REQ] GET /api/other-arts/yakshagana -> 304 2ms
[2025-11-10T09:36:01.225Z] [LOG] [REQ] POST /api/other-arts/yakshagana -> 200 3ms
[2025-11-10T09:36:02.824Z] [LOG] [REQ] POST /api/other-arts/yakshagana -> 200 2ms
[2025-11-10T09:37:32.965Z] [LOG] [REQ] GET /api/other-arts/yakshagana -> 200 1ms
[2025-11-10T09:37:32.968Z] [LOG] [REQ] GET /api/other-arts/yakshagana -> 304 1ms
[2025-11-10T09:37:48.531Z] [LOG] [REQ] POST /api/other-arts/yakshagana -> 200 2ms
[2025-11-10T09:37:50.121Z] [LOG] [REQ] POST /api/other-arts/yakshagana -> 200 1ms
[2025-11-10T09:40:14.320Z] [LOG] [REQ] GET /api/other-arts/yakshagana -> 200 2ms
[2025-11-10T09:40:14.322Z] [LOG] [REQ] GET /api/other-arts/yakshagana -> 304 2ms
[2025-11-10T09:40:30.546Z] [LOG] [REQ] POST /api/other-arts/yakshagana -> 200 3ms
[2025-11-10T09:40:42.930Z] [LOG] [REQ] GET /api/other-arts -> 304 2ms
[2025-11-10T09:40:42.937Z] [LOG] [REQ] GET /api/other-arts -> 304 2ms
[2025-11-10T09:40:58.149Z] [LOG] [REQ] POST /api/other-arts -> 200 3ms
[2025-11-10T09:43:36.606Z] [LOG] [REQ] GET /api/other-arts/gallery -> 304 2ms
[2025-11-10T09:43:36.610Z] [LOG] [REQ] GET /api/other-arts/gallery -> 304 1ms
[2025-11-10T09:43:49.580Z] [LOG] [REQ] POST /api/other-arts/gallery -> 200 3ms
[2025-11-10T09:43:50.478Z] [LOG] [REQ] POST /api/other-arts/gallery -> 200 3ms
[2025-11-10T09:45:43.078Z] [LOG] [REQ] GET /api/other-arts/yakshagana -> 200 1ms
[2025-11-10T09:45:43.080Z] [LOG] [REQ] GET /api/other-arts/yakshagana -> 304 0ms
[2025-11-10T09:45:45.995Z] [LOG] [REQ] GET /api/other-arts/yakshagana -> 304 1ms
[2025-11-10T09:45:45.998Z] [LOG] [REQ] GET /api/other-arts/yakshagana -> 304 1ms
[2025-11-10T09:46:03.857Z] [LOG] [REQ] POST /api/other-arts/yakshagana -> 200 2ms
[2025-11-10T09:46:17.797Z] [LOG] [REQ] POST /api/other-arts/yakshagana -> 200 1ms
[2025-11-10T09:46:18.014Z] [LOG] [REQ] POST /api/other-arts/yakshagana -> 200 3ms
[2025-11-10T09:46:51.563Z] [LOG] OtherArts server listening on http://localhost:4000
[2025-11-10T09:46:51.564Z] [LOG] Admin credentials: ADMIN_USER=✓ set, ADMIN_PASS=✓ set
[2025-11-10T09:46:51.564Z] [LOG] Log file: C:\Users\rshet\Desktop\yakshaloka\server\logs\server.log
[2025-11-10T09:47:58.689Z] [LOG] [REQ] GET /api/other-arts/yakshagana -> 200 8ms
[2025-11-10T09:47:58.699Z] [LOG] [REQ] GET /api/other-arts/yakshagana -> 304 2ms
[2025-11-10T09:48:38.615Z] [LOG] [REQ] POST /api/other-arts/yakshagana -> 200 3ms
[2025-11-10T09:48:44.722Z] [LOG] [REQ] GET /api/other-arts/yakshagana -> 200 1ms
[2025-11-10T09:48:44.724Z] [LOG] [REQ] GET /api/other-arts/yakshagana -> 304 1ms
[2025-11-10T09:49:16.176Z] [LOG] [REQ] POST /api/admin-auth -> 200 1ms
[2025-11-10T10:14:18.603Z] [LOG] OtherArts server listening on http://localhost:4000
[2025-11-10T10:14:18.604Z] [LOG] Admin credentials: ADMIN_USER=✓ set, ADMIN_PASS=✓ set
[2025-11-10T10:14:18.604Z] [LOG] Log file: C:\Users\rshet\Desktop\yakshaloka\server\logs\server.log
[2025-11-10T10:49:17.513Z] [LOG] OtherArts server listening on http://localhost:4000
[2025-11-10T10:49:17.513Z] [LOG] Admin credentials: ADMIN_USER=✓ set, ADMIN_PASS=✓ set
[2025-11-10T10:49:17.513Z] [LOG] Log file: C:\Users\rshet\Desktop\yakshaloka\server\logs\server.log
[2025-11-10T10:50:01.564Z] [LOG] [REQ] GET /api/other-arts/yakshagana -> 304 5ms
[2025-11-10T10:50:01.566Z] [LOG] [REQ] GET /api/other-arts/yakshagana -> 304 1ms
[2025-11-10T10:50:29.774Z] [LOG] [REQ] POST /api/admin-auth -> 200 4ms
[2025-11-10T10:50:59.012Z] [LOG] [REQ] POST /api/upload/image -> 404 44ms
[2025-11-10T10:55:27.475Z] [LOG] [REQ] POST /api/other-arts/yakshagana -> 200 3ms
[2025-11-10T10:55:33.698Z] [LOG] [REQ] POST /api/other-arts/yakshagana -> 200 1ms
[2025-11-10T10:55:50.827Z] [LOG] [REQ] POST /api/upload/image -> 404 19ms
[2025-11-10T10:59:48.379Z] [LOG] OtherArts server listening on http://localhost:4000
[2025-11-10T10:59:48.380Z] [LOG] Admin credentials: ADMIN_USER=✓ set, ADMIN_PASS=✓ set
[2025-11-10T10:59:48.380Z] [LOG] Upload directory: C:\Users\rshet\Desktop\yakshaloka\server\uploads\images
[2025-11-10T10:59:48.380Z] [LOG] Log file: C:\Users\rshet\Desktop\yakshaloka\server\logs\server.log
[2025-11-10T11:00:09.373Z] [LOG] [REQ] GET /api/other-arts/yakshagana -> 200 3ms
[2025-11-10T11:00:09.377Z] [LOG] [REQ] GET /api/other-arts/yakshagana -> 304 3ms
[2025-11-10T11:00:57.760Z] [LOG] [REQ] POST /api/admin-auth -> 200 1ms
[2025-11-10T11:01:16.660Z] [LOG] [REQ] POST /api/upload/image -> 404 22ms
[2025-11-10T11:03:52.816Z] [LOG] OtherArts server listening on http://localhost:4000
[2025-11-10T11:03:52.816Z] [LOG] Admin credentials: ADMIN_USER=✓ set, ADMIN_PASS=✓ set
[2025-11-10T11:03:52.816Z] [LOG] Upload directory: C:\Users\rshet\Desktop\yakshaloka\server\uploads\images
[2025-11-10T11:03:52.817Z] [LOG] Log file: C:\Users\rshet\Desktop\yakshaloka\server\logs\server.log
[2025-11-10T11:05:05.029Z] [LOG] [REQ] GET /api/other-arts/yakshagana -> 304 3ms
[2025-11-10T11:05:05.033Z] [LOG] [REQ] GET /api/other-arts/yakshagana -> 304 2ms
[2025-11-10T11:05:51.616Z] [LOG] [REQ] POST /api/admin-auth -> 200 1ms
[2025-11-10T11:06:09.842Z] [LOG] [REQ] POST /api/upload/image -> 404 35ms
[2025-11-10T11:14:01.170Z] [LOG] [REQ] GET /api/other-arts -> 200 1ms
[2025-11-10T11:14:01.230Z] [LOG] [REQ] GET /favicon.ico -> 404 1ms
[2025-11-10T11:20:55.495Z] [LOG] [REQ] POST /api/upload/image -> 404 31ms
[2025-11-10T11:21:32.114Z] [LOG] [REQ] POST /api/admin-auth -> 200 2ms
[2025-11-10T11:21:52.579Z] [LOG] [REQ] POST /api/upload/image -> 404 26ms
[2025-11-10T11:38:29.644Z] [LOG] [REQ] GET /api/other-arts/yakshagana -> 304 2ms
[2025-11-10T11:38:29.647Z] [LOG] [REQ] GET /api/other-arts/yakshagana -> 304 2ms
[2025-11-10T11:38:55.640Z] [LOG] [REQ] POST /api/admin-auth -> 200 1ms
[2025-11-10T11:39:19.374Z] [LOG] [REQ] POST /api/upload/image -> 404 26ms
[2025-11-10T11:42:14.827Z] [LOG] [REQ] GET /api/upload/image -> 404 1ms
[2025-11-10T21:42:13.395Z] [LOG] OtherArts server listening on http://localhost:4000
[2025-11-10T21:42:13.395Z] [LOG] Admin credentials: ADMIN_USER=✓ set, ADMIN_PASS=✓ set
[2025-11-10T21:42:13.395Z] [LOG] Upload directory: C:\Users\rshet\Desktop\yakshaloka\server\uploads\images
[2025-11-10T21:42:13.396Z] [LOG] Log file: C:\Users\rshet\Desktop\yakshaloka\server\logs\server.log
[2025-11-10T21:42:49.235Z] [LOG] [REQ] GET /api/other-arts/yakshagana -> 304 10ms
[2025-11-10T21:42:49.239Z] [LOG] [REQ] GET /api/other-arts/yakshagana -> 304 2ms
[2025-11-10T21:43:12.111Z] [LOG] [REQ] POST /api/admin-auth -> 200 2ms
[2025-11-10T21:43:38.081Z] [LOG] [UPLOAD] RaghuramShetty_Shumbhasura_WaterMarked_Yakshagana_DSC09178.jpg (2155.77KB) -> /uploads/images/1762811018041-m0dgqiw.jpg
[2025-11-10T21:43:38.083Z] [LOG] [REQ] POST /api/upload/image -> 200 49ms
[2025-11-10T23:45:51.526Z] [LOG] [REQ] GET /api/other-arts/boothakola -> 200 2ms
[2025-11-10T23:45:51.530Z] [LOG] [REQ] GET /api/other-arts/boothakola -> 304 2ms
[2025-11-10T23:46:15.957Z] [LOG] [REQ] GET /api/other-arts -> 304 4ms
[2025-11-10T23:46:15.963Z] [LOG] [REQ] GET /api/other-arts -> 304 3ms
[2025-11-10T23:46:36.008Z] [LOG] [REQ] GET /api/other-arts/gallery -> 200 3ms
[2025-11-10T23:46:36.013Z] [LOG] [REQ] GET /api/other-arts/gallery -> 304 3ms
[2025-11-11T01:30:37.740Z] [LOG] [REQ] GET /api/other-arts/yakshagana -> 304 7ms
[2025-11-11T01:30:37.744Z] [LOG] [REQ] GET /api/other-arts/yakshagana -> 304 3ms
[2025-11-11T01:32:15.761Z] [LOG] OtherArts server listening on http://localhost:4000
[2025-11-11T01:32:15.761Z] [LOG] Admin credentials: ADMIN_USER=✓ set, ADMIN_PASS=✓ set
[2025-11-11T01:32:15.761Z] [LOG] Upload directory: C:\Users\rshet\Desktop\yakshaloka\server\uploads\images
[2025-11-11T01:32:15.761Z] [LOG] Log file: C:\Users\rshet\Desktop\yakshaloka\server\logs\server.log
[2025-11-11T01:32:49.961Z] [LOG] [REQ] GET /api/other-arts/yakshagana -> 304 14ms
[2025-11-11T01:32:50.018Z] [LOG] [REQ] GET /api/other-arts/yakshagana -> 304 3ms
[2025-11-11T01:51:01.834Z] [LOG] OtherArts server listening on http://localhost:4000
[2025-11-11T01:51:01.834Z] [LOG] Admin credentials: ADMIN_USER=✓ set, ADMIN_PASS=✓ set
[2025-11-11T01:51:01.834Z] [LOG] Upload directory: C:\Users\rshet\Desktop\yakshaloka\server\uploads\images
[2025-11-11T01:51:01.834Z] [LOG] Log file: C:\Users\rshet\Desktop\yakshaloka\server\logs\server.log
[2025-11-11T01:55:02.815Z] [LOG] OtherArts server listening on http://localhost:4000
[2025-11-11T01:55:02.815Z] [LOG] Admin credentials: ADMIN_USER=✓ set, ADMIN_PASS=✓ set
[2025-11-11T01:55:02.816Z] [LOG] Upload directory: C:\Users\rshet\Desktop\yakshaloka\server\uploads\images
[2025-11-11T01:55:02.816Z] [LOG] Log file: C:\Users\rshet\Desktop\yakshaloka\server\logs\server.log
[2025-11-11T02:01:22.123Z] [LOG] OtherArts server listening on http://localhost:4000
[2025-11-11T02:01:22.123Z] [LOG] Admin credentials: ADMIN_USER=✓ set, ADMIN_PASS=✓ set
[2025-11-11T02:01:22.123Z] [LOG] Upload directory: C:\Users\rshet\Desktop\yakshaloka\server\uploads\images
[2025-11-11T02:01:22.123Z] [LOG] Log file: C:\Users\rshet\Desktop\yakshaloka\server\logs\server.log
[2025-11-11T02:02:06.977Z] [LOG] [REQ] GET /api/other-arts/yakshagana -> 304 12ms
[2025-11-11T02:02:06.982Z] [LOG] [REQ] GET /api/other-arts/yakshagana -> 304 2ms
